// Jest Snapshot v1, https://goo.gl/fbAQLP

exports[`HtmlCompilerService should compile a simple website 1`] = `
"
<h1 class="heading-block">A Big Title</h1>
<p class="paragraph-block">Identify the Purpose: Understand the purpose of the database and the specific requirements it needs to fulfill.</p>
<img class="image-block" src="./assets/paint.jpg">
<div class="callout-block">ðŸŽ‰ undefined
<h1 class="heading-block">A Nested Title</h1>
<img class="image-block" src="./assets/drawing.jpg"></div>"
`;
